

================================================================
== Synthesis Summary Report of 'topFunction'
================================================================
+ General Information: 
    * Date:           Tue Feb  2 19:52:55 2021
    * Version:        2021.2 (Build 3367213 on Tue Oct 19 02:48:09 MDT 2021)
    * Project:        temeCursCN2
    * Solution:       solution1 (Vivado IP Flow Target)
    * Product family: artix7
    * Target device:  xc7a100t-csg324-1
    

+ Performance & Resource Estimates: 
    
    PS: '+' for module; 'o' for loop; '*' for dataflow
    +---------------+------+------+---------+--------+----------+---------+------+----------+------+----+---+----+-----+
    |    Modules    | Issue|      | Latency | Latency| Iteration|         | Trip |          |      |    |   |    |     |
    |    & Loops    | Type | Slack| (cycles)|  (ns)  |  Latency | Interval| Count| Pipelined| BRAM | DSP| FF| LUT| URAM|
    +---------------+------+------+---------+--------+----------+---------+------+----------+------+----+---+----+-----+
    |+ topFunction  |     -|  7.30|        0|   0.000|         -|        1|     -|        no|     -|   -|  -|   -|    -|
    +---------------+------+------+---------+--------+----------+---------+------+----------+------+----+---+----+-----+


================================================================
== HW Interfaces
================================================================
* REGISTER
+-----------+---------+----------+
| Interface | Mode    | Bitwidth |
+-----------+---------+----------+
| x         | ap_none | 8        |
+-----------+---------+----------+


================================================================
== SW I/O Information
================================================================
* Top Function Arguments
+----------+-----------+----------------+
| Argument | Direction | Datatype       |
+----------+-----------+----------------+
| x        | out       | unsigned char* |
+----------+-----------+----------------+

* SW-to-HW Mapping
+----------+--------------+---------+
| Argument | HW Interface | HW Type |
+----------+--------------+---------+
| x        | x            | port    |
+----------+--------------+---------+


================================================================
== Bind Op Report
================================================================
  No bind op info in design

================================================================
== Bind Storage Report
================================================================
  No bind storage info in design

================================================================
== User Pragma Report
================================================================
* Valid Pragma Syntax
+-----------+-------------------------------+------------------------------------------------+
| Type      | Options                       | Location                                       |
+-----------+-------------------------------+------------------------------------------------+
| interface | mode=ap_none port=x           | temeCursCN2/tema1.cpp:2 in topfunction, x      |
| interface | mode=ap_ctrl_none port=return | temeCursCN2/tema1.cpp:3 in topfunction, return |
+-----------+-------------------------------+------------------------------------------------+


